INFO(140623281170240)2024-04-25 15:21:43,066:*************************
INFO(140623281170240)2024-04-25 15:21:43,067:deblurring started
WARNING(140623281170240)2024-04-25 15:21:43,068:deblur version 1.1.0 workflow started on /tmp/qiime2-archive-t0p20mrc/d90610dc-51f4-4cc6-8650-a03c1743e82e/data
WARNING(140623281170240)2024-04-25 15:21:43,069:parameters: {'seqs_fp': '/tmp/qiime2-archive-t0p20mrc/d90610dc-51f4-4cc6-8650-a03c1743e82e/data', 'output_dir': '/tmp/tmpky59sd4y', 'pos_ref_fp': (), 'pos_ref_db_fp': (), 'neg_ref_fp': (), 'neg_ref_db_fp': (), 'overwrite': True, 'mean_error': 0.005, 'error_dist': [1, 0.06, 0.02, 0.02, 0.01, 0.005, 0.005, 0.005, 0.001, 0.001, 0.001, 0.0005], 'indel_prob': 0.01, 'indel_max': 3, 'trim_length': 10, 'left_trim_length': 270, 'min_reads': 10, 'min_size': 2, 'threads_per_sample': 1, 'keep_tmp_files': False, 'log_level': 2, 'log_file': '/common/claytonlab/cschinzel/repos/ampliConda/deblur.log', 'jobs_to_start': 1, 'is_worker_thread': False, 'logger': <Logger __main__ (INFO)>}
INFO(140623281170240)2024-04-25 15:21:43,070:error_dist is : [1, 0.06, 0.02, 0.02, 0.01, 0.005, 0.005, 0.005, 0.001, 0.001, 0.001, 0.0005]
INFO(140623281170240)2024-04-25 15:21:43,071:deblur main program started
INFO(140623281170240)2024-04-25 15:21:43,072:processing directory /tmp/qiime2-archive-t0p20mrc/d90610dc-51f4-4cc6-8650-a03c1743e82e/data
INFO(140623281170240)2024-04-25 15:21:43,073:building negative db sortmerna index files
INFO(140623281170240)2024-04-25 15:21:43,074:build_index_sortmerna files ['/util/opt/anaconda/deployed-conda-envs/packages/qiime2/envs/qiime2-2022.2.0/lib/python3.8/site-packages/deblur/support_files/artifacts.fa'] to dir /tmp/tmpky59sd4y/deblur_working_dir
INFO(140623281170240)2024-04-25 15:21:43,109:building positive db sortmerna index files
INFO(140623281170240)2024-04-25 15:21:43,110:build_index_sortmerna files ['/util/opt/anaconda/deployed-conda-envs/packages/qiime2/envs/qiime2-2022.2.0/lib/python3.8/site-packages/deblur/support_files/88_otus.fasta'] to dir /tmp/tmpky59sd4y/deblur_working_dir
INFO(140623281170240)2024-04-25 15:22:12,819:processing per sample fasta files
INFO(140623281170240)2024-04-25 15:22:12,820:--------------------------------------------------------
INFO(140623281170240)2024-04-25 15:22:12,821:launch_workflow for file /tmp/qiime2-archive-t0p20mrc/d90610dc-51f4-4cc6-8650-a03c1743e82e/data/A_0_L001_R1_001.fastq.gz
INFO(140623281170240)2024-04-25 15:23:53,506:dereplicate seqs file /tmp/tmpky59sd4y/deblur_working_dir/A_0_L001_R1_001.fastq.gz.trim
INFO(140623281170240)2024-04-25 15:23:53,550:remove_artifacts_seqs file /tmp/tmpky59sd4y/deblur_working_dir/A_0_L001_R1_001.fastq.gz.trim.derep
WARNING(140623281170240)2024-04-25 15:23:53,550:file /tmp/tmpky59sd4y/deblur_working_dir/A_0_L001_R1_001.fastq.gz.trim.derep has size 0, continuing
WARNING(140623281170240)2024-04-25 15:23:53,553:remove artifacts failed, aborting
WARNING(140623281170240)2024-04-25 15:23:53,553:deblurring failed for file /tmp/qiime2-archive-t0p20mrc/d90610dc-51f4-4cc6-8650-a03c1743e82e/data/A_0_L001_R1_001.fastq.gz
INFO(140623281170240)2024-04-25 15:23:53,555:--------------------------------------------------------
INFO(140623281170240)2024-04-25 15:23:53,555:launch_workflow for file /tmp/qiime2-archive-t0p20mrc/d90610dc-51f4-4cc6-8650-a03c1743e82e/data/B_1_L001_R1_001.fastq.gz
INFO(140623281170240)2024-04-25 15:24:51,075:dereplicate seqs file /tmp/tmpky59sd4y/deblur_working_dir/B_1_L001_R1_001.fastq.gz.trim
INFO(140623281170240)2024-04-25 15:24:51,101:remove_artifacts_seqs file /tmp/tmpky59sd4y/deblur_working_dir/B_1_L001_R1_001.fastq.gz.trim.derep
WARNING(140623281170240)2024-04-25 15:24:51,102:file /tmp/tmpky59sd4y/deblur_working_dir/B_1_L001_R1_001.fastq.gz.trim.derep has size 0, continuing
WARNING(140623281170240)2024-04-25 15:24:51,103:remove artifacts failed, aborting
WARNING(140623281170240)2024-04-25 15:24:51,104:deblurring failed for file /tmp/qiime2-archive-t0p20mrc/d90610dc-51f4-4cc6-8650-a03c1743e82e/data/B_1_L001_R1_001.fastq.gz
INFO(140623281170240)2024-04-25 15:24:51,105:--------------------------------------------------------
INFO(140623281170240)2024-04-25 15:24:51,106:launch_workflow for file /tmp/qiime2-archive-t0p20mrc/d90610dc-51f4-4cc6-8650-a03c1743e82e/data/C_2_L001_R1_001.fastq.gz
INFO(140623281170240)2024-04-25 15:25:53,275:dereplicate seqs file /tmp/tmpky59sd4y/deblur_working_dir/C_2_L001_R1_001.fastq.gz.trim
INFO(140623281170240)2024-04-25 15:25:53,303:remove_artifacts_seqs file /tmp/tmpky59sd4y/deblur_working_dir/C_2_L001_R1_001.fastq.gz.trim.derep
WARNING(140623281170240)2024-04-25 15:25:53,304:file /tmp/tmpky59sd4y/deblur_working_dir/C_2_L001_R1_001.fastq.gz.trim.derep has size 0, continuing
WARNING(140623281170240)2024-04-25 15:25:53,305:remove artifacts failed, aborting
WARNING(140623281170240)2024-04-25 15:25:53,306:deblurring failed for file /tmp/qiime2-archive-t0p20mrc/d90610dc-51f4-4cc6-8650-a03c1743e82e/data/C_2_L001_R1_001.fastq.gz
INFO(140623281170240)2024-04-25 15:25:53,306:--------------------------------------------------------
INFO(140623281170240)2024-04-25 15:25:53,307:launch_workflow for file /tmp/qiime2-archive-t0p20mrc/d90610dc-51f4-4cc6-8650-a03c1743e82e/data/D_3_L001_R1_001.fastq.gz
INFO(140623281170240)2024-04-25 15:27:02,381:dereplicate seqs file /tmp/tmpky59sd4y/deblur_working_dir/D_3_L001_R1_001.fastq.gz.trim
INFO(140623281170240)2024-04-25 15:27:02,411:remove_artifacts_seqs file /tmp/tmpky59sd4y/deblur_working_dir/D_3_L001_R1_001.fastq.gz.trim.derep
WARNING(140623281170240)2024-04-25 15:27:02,412:file /tmp/tmpky59sd4y/deblur_working_dir/D_3_L001_R1_001.fastq.gz.trim.derep has size 0, continuing
WARNING(140623281170240)2024-04-25 15:27:02,412:remove artifacts failed, aborting
WARNING(140623281170240)2024-04-25 15:27:02,413:deblurring failed for file /tmp/qiime2-archive-t0p20mrc/d90610dc-51f4-4cc6-8650-a03c1743e82e/data/D_3_L001_R1_001.fastq.gz
INFO(140623281170240)2024-04-25 15:27:02,415:--------------------------------------------------------
INFO(140623281170240)2024-04-25 15:27:02,415:launch_workflow for file /tmp/qiime2-archive-t0p20mrc/d90610dc-51f4-4cc6-8650-a03c1743e82e/data/E_4_L001_R1_001.fastq.gz
INFO(140623281170240)2024-04-25 15:28:11,126:dereplicate seqs file /tmp/tmpky59sd4y/deblur_working_dir/E_4_L001_R1_001.fastq.gz.trim
INFO(140623281170240)2024-04-25 15:28:11,156:remove_artifacts_seqs file /tmp/tmpky59sd4y/deblur_working_dir/E_4_L001_R1_001.fastq.gz.trim.derep
WARNING(140623281170240)2024-04-25 15:28:11,157:file /tmp/tmpky59sd4y/deblur_working_dir/E_4_L001_R1_001.fastq.gz.trim.derep has size 0, continuing
WARNING(140623281170240)2024-04-25 15:28:11,158:remove artifacts failed, aborting
WARNING(140623281170240)2024-04-25 15:28:11,159:deblurring failed for file /tmp/qiime2-archive-t0p20mrc/d90610dc-51f4-4cc6-8650-a03c1743e82e/data/E_4_L001_R1_001.fastq.gz
INFO(140623281170240)2024-04-25 15:28:11,162:--------------------------------------------------------
INFO(140623281170240)2024-04-25 15:28:11,163:launch_workflow for file /tmp/qiime2-archive-t0p20mrc/d90610dc-51f4-4cc6-8650-a03c1743e82e/data/F_5_L001_R1_001.fastq.gz
INFO(140623281170240)2024-04-25 15:28:56,475:dereplicate seqs file /tmp/tmpky59sd4y/deblur_working_dir/F_5_L001_R1_001.fastq.gz.trim
INFO(140623281170240)2024-04-25 15:28:56,497:remove_artifacts_seqs file /tmp/tmpky59sd4y/deblur_working_dir/F_5_L001_R1_001.fastq.gz.trim.derep
WARNING(140623281170240)2024-04-25 15:28:56,498:file /tmp/tmpky59sd4y/deblur_working_dir/F_5_L001_R1_001.fastq.gz.trim.derep has size 0, continuing
WARNING(140623281170240)2024-04-25 15:28:56,500:remove artifacts failed, aborting
WARNING(140623281170240)2024-04-25 15:28:56,501:deblurring failed for file /tmp/qiime2-archive-t0p20mrc/d90610dc-51f4-4cc6-8650-a03c1743e82e/data/F_5_L001_R1_001.fastq.gz
INFO(140623281170240)2024-04-25 15:28:56,503:--------------------------------------------------------
INFO(140623281170240)2024-04-25 15:28:56,504:launch_workflow for file /tmp/qiime2-archive-t0p20mrc/d90610dc-51f4-4cc6-8650-a03c1743e82e/data/G_6_L001_R1_001.fastq.gz
INFO(140623281170240)2024-04-25 15:29:56,760:dereplicate seqs file /tmp/tmpky59sd4y/deblur_working_dir/G_6_L001_R1_001.fastq.gz.trim
INFO(140623281170240)2024-04-25 15:29:56,786:remove_artifacts_seqs file /tmp/tmpky59sd4y/deblur_working_dir/G_6_L001_R1_001.fastq.gz.trim.derep
WARNING(140623281170240)2024-04-25 15:29:56,787:file /tmp/tmpky59sd4y/deblur_working_dir/G_6_L001_R1_001.fastq.gz.trim.derep has size 0, continuing
WARNING(140623281170240)2024-04-25 15:29:56,788:remove artifacts failed, aborting
WARNING(140623281170240)2024-04-25 15:29:56,789:deblurring failed for file /tmp/qiime2-archive-t0p20mrc/d90610dc-51f4-4cc6-8650-a03c1743e82e/data/G_6_L001_R1_001.fastq.gz
INFO(140623281170240)2024-04-25 15:29:56,790:--------------------------------------------------------
INFO(140623281170240)2024-04-25 15:29:56,791:launch_workflow for file /tmp/qiime2-archive-t0p20mrc/d90610dc-51f4-4cc6-8650-a03c1743e82e/data/H_7_L001_R1_001.fastq.gz
INFO(140623281170240)2024-04-25 15:30:55,031:dereplicate seqs file /tmp/tmpky59sd4y/deblur_working_dir/H_7_L001_R1_001.fastq.gz.trim
INFO(140623281170240)2024-04-25 15:30:55,056:remove_artifacts_seqs file /tmp/tmpky59sd4y/deblur_working_dir/H_7_L001_R1_001.fastq.gz.trim.derep
WARNING(140623281170240)2024-04-25 15:30:55,057:file /tmp/tmpky59sd4y/deblur_working_dir/H_7_L001_R1_001.fastq.gz.trim.derep has size 0, continuing
WARNING(140623281170240)2024-04-25 15:30:55,058:remove artifacts failed, aborting
WARNING(140623281170240)2024-04-25 15:30:55,059:deblurring failed for file /tmp/qiime2-archive-t0p20mrc/d90610dc-51f4-4cc6-8650-a03c1743e82e/data/H_7_L001_R1_001.fastq.gz
INFO(140623281170240)2024-04-25 15:30:55,060:--------------------------------------------------------
INFO(140623281170240)2024-04-25 15:30:55,061:launch_workflow for file /tmp/qiime2-archive-t0p20mrc/d90610dc-51f4-4cc6-8650-a03c1743e82e/data/I_8_L001_R1_001.fastq.gz
INFO(140623281170240)2024-04-25 15:31:40,888:dereplicate seqs file /tmp/tmpky59sd4y/deblur_working_dir/I_8_L001_R1_001.fastq.gz.trim
INFO(140623281170240)2024-04-25 15:31:40,911:remove_artifacts_seqs file /tmp/tmpky59sd4y/deblur_working_dir/I_8_L001_R1_001.fastq.gz.trim.derep
WARNING(140623281170240)2024-04-25 15:31:40,911:file /tmp/tmpky59sd4y/deblur_working_dir/I_8_L001_R1_001.fastq.gz.trim.derep has size 0, continuing
WARNING(140623281170240)2024-04-25 15:31:40,912:remove artifacts failed, aborting
WARNING(140623281170240)2024-04-25 15:31:40,913:deblurring failed for file /tmp/qiime2-archive-t0p20mrc/d90610dc-51f4-4cc6-8650-a03c1743e82e/data/I_8_L001_R1_001.fastq.gz
INFO(140623281170240)2024-04-25 15:31:40,914:--------------------------------------------------------
INFO(140623281170240)2024-04-25 15:31:40,915:launch_workflow for file /tmp/qiime2-archive-t0p20mrc/d90610dc-51f4-4cc6-8650-a03c1743e82e/data/J_9_L001_R1_001.fastq.gz
INFO(140623281170240)2024-04-25 15:32:07,348:dereplicate seqs file /tmp/tmpky59sd4y/deblur_working_dir/J_9_L001_R1_001.fastq.gz.trim
INFO(140623281170240)2024-04-25 15:32:07,367:remove_artifacts_seqs file /tmp/tmpky59sd4y/deblur_working_dir/J_9_L001_R1_001.fastq.gz.trim.derep
WARNING(140623281170240)2024-04-25 15:32:07,368:file /tmp/tmpky59sd4y/deblur_working_dir/J_9_L001_R1_001.fastq.gz.trim.derep has size 0, continuing
WARNING(140623281170240)2024-04-25 15:32:07,369:remove artifacts failed, aborting
WARNING(140623281170240)2024-04-25 15:32:07,370:deblurring failed for file /tmp/qiime2-archive-t0p20mrc/d90610dc-51f4-4cc6-8650-a03c1743e82e/data/J_9_L001_R1_001.fastq.gz
INFO(140623281170240)2024-04-25 15:32:07,371:--------------------------------------------------------
INFO(140623281170240)2024-04-25 15:32:07,372:launch_workflow for file /tmp/qiime2-archive-t0p20mrc/d90610dc-51f4-4cc6-8650-a03c1743e82e/data/K_10_L001_R1_001.fastq.gz
INFO(140623281170240)2024-04-25 15:33:02,643:dereplicate seqs file /tmp/tmpky59sd4y/deblur_working_dir/K_10_L001_R1_001.fastq.gz.trim
INFO(140623281170240)2024-04-25 15:33:02,669:remove_artifacts_seqs file /tmp/tmpky59sd4y/deblur_working_dir/K_10_L001_R1_001.fastq.gz.trim.derep
WARNING(140623281170240)2024-04-25 15:33:02,670:file /tmp/tmpky59sd4y/deblur_working_dir/K_10_L001_R1_001.fastq.gz.trim.derep has size 0, continuing
WARNING(140623281170240)2024-04-25 15:33:02,671:remove artifacts failed, aborting
WARNING(140623281170240)2024-04-25 15:33:02,672:deblurring failed for file /tmp/qiime2-archive-t0p20mrc/d90610dc-51f4-4cc6-8650-a03c1743e82e/data/K_10_L001_R1_001.fastq.gz
INFO(140623281170240)2024-04-25 15:33:02,673:finished processing per sample fasta files
INFO(140623281170240)2024-04-25 15:33:02,675:create_otu_table for 0 samples, into output table /tmp/tmpky59sd4y/all.biom
INFO(140623281170240)2024-04-25 15:33:02,676:for output biom table loaded 0 samples, 0 unique sequences
INFO(140623281170240)2024-04-25 15:33:02,677:keeping 0 (out of 0 sequences) with >=10 reads
INFO(140623281170240)2024-04-25 15:33:02,691:saved to biom file /tmp/tmpky59sd4y/all.biom
INFO(140623281170240)2024-04-25 15:33:02,692:saved sequence fasta file to /tmp/tmpky59sd4y/all.seqs.fa
INFO(140623281170240)2024-04-25 15:33:02,693:getting 16s sequences from the biom table
INFO(140623281170240)2024-04-25 15:33:02,694:remove_artifacts_seqs file /tmp/tmpky59sd4y/all.seqs.fa
WARNING(140623281170240)2024-04-25 15:33:02,695:file /tmp/tmpky59sd4y/all.seqs.fa has size 0, continuing
WARNING(140623281170240)2024-04-25 15:33:02,696:No clean sequences in /tmp/tmpky59sd4y/all.seqs.fa
INFO(140623281170240)2024-04-25 15:33:02,697:Cleaning up temp files
INFO(140623281170240)2024-04-25 15:33:02,724:deblur workflow finished
INFO(140623281170240)2024-04-25 15:33:02,724:output saved to /tmp/tmpky59sd4y/all.biom
INFO(140623281170240)2024-04-25 15:33:02,725:------------------
